gem5 Simulator System.  http://gem5.org
gem5 is copyrighted software; use the --copyright option for details.

gem5 compiled Jun  3 2026 09:39:24
gem5 started Jun  3 2026 10:41:56
gem5 executing on e34138625ac7, pid 5285
command line: ./build/X86/gem5.opt -d /root/COFINAL/data/Bonus/multiply/WBA_modified configs/example/se.py -c /root/COFINAL/data/benchmarks/multiply --cpu-type=TimingSimpleCPU --caches --l2cache --l3cache --l3_repl=WBA --mem-type=NVMainMemory --nvmain-config=/root/COFINAL/_work/NVmain/Config/PCM_ISSCC_2012_4GB.config

info: Standard input is not a terminal, disabling listeners.
Global frequency set at 1000000000000 ticks per second
NVMainControl: Reading NVMain config file: /root/COFINAL/_work/NVmain/Config/PCM_ISSCC_2012_4GB.config.
warn: Sockets disabled, not accepting gdb connections
NVMain: GlobalEventQueue: Added a memory subsystem running at 400MHz. My frequency is 2000MHz.
Config: Warning: Key EIDD0 is not set. Using '85' as the default. Please configure this value if this is wrong.
Config: Warning: Key EIDD1 is not set. Using '54' as the default. Please configure this value if this is wrong.
Config: Warning: Key EIDD2P0 is not set. Using '30' as the default. Please configure this value if this is wrong.
Config: Warning: Key EIDD2P1 is not set. Using '30' as the default. Please configure this value if this is wrong.
Config: Warning: Key EIDD2N is not set. Using '37' as the default. Please configure this value if this is wrong.
Config: Warning: Key EIDD3P is not set. Using '35' as the default. Please configure this value if this is wrong.
Config: Warning: Key EIDD3N is not set. Using '40' as the default. Please configure this value if this is wrong.
Config: Warning: Key EIDD4R is not set. Using '160' as the default. Please configure this value if this is wrong.
Config: Warning: Key EIDD4W is not set. Using '165' as the default. Please configure this value if this is wrong.
Config: Warning: Key EIDD5B is not set. Using '200' as the default. Please configure this value if this is wrong.
Config: Warning: Key EIDD6 is not set. Using '12' as the default. Please configure this value if this is wrong.
Config: Warning: Key Eactstdby is not set. Using '0.09009' as the default. Please configure this value if this is wrong.
Config: Warning: Key Eprestdby is not set. Using '0.083333' as the default. Please configure this value if this is wrong.
Config: Warning: Key Rtt_nom is not set. Using '30' as the default. Please configure this value if this is wrong.
Config: Warning: Key Rtt_wr is not set. Using '60' as the default. Please configure this value if this is wrong.
Config: Warning: Key Rtt_cont is not set. Using '75' as the default. Please configure this value if this is wrong.
Config: Warning: Key VDDQ is not set. Using '1.5' as the default. Please configure this value if this is wrong.
Config: Warning: Key VSSQ is not set. Using '0' as the default. Please configure this value if this is wrong.
Config: Warning: Key RanksPerDIMM is not set. Using '1' as the default. Please configure this value if this is wrong.
Config: Warning: Key DataEncoder is not set. Using 'default' as the default. Please configure this value if this is wrong.
Config: Warning: Key UseLowPower is not set. Using 'true' as the default. Please configure this value if this is wrong.
Config: Warning: Key PowerDownMode is not set. Using 'FASTEXIT' as the default. Please configure this value if this is wrong.
Config: Warning: Key PrintAllDevices is not set. Using 'false' as the default. Please configure this value if this is wrong.
Config: Warning: Key PrintConfig is not set. Using 'false' as the default. Please configure this value if this is wrong.
Config: Warning: Key StaggerRefresh is not set. Using 'false' as the default. Please configure this value if this is wrong.
Config: Warning: Key UsePrecharge is not set. Using 'true' as the default. Please configure this value if this is wrong.
Config: Warning: Key OffChipLatency is not set. Using '10' as the default. Please configure this value if this is wrong.
Config: Warning: Key RBSize is not set. Using '32' as the default. Please configure this value if this is wrong.
Config: Warning: Key MemoryPrefetcher is not set. Using 'none' as the default. Please configure this value if this is wrong.
Config: Warning: Key PrefetchBufferSize is not set. Using '32' as the default. Please configure this value if this is wrong.
Config: Warning: Key MLCLevels is not set. Using '1' as the default. Please configure this value if this is wrong.
Config: Warning: Key WPVariance is not set. Using '1' as the default. Please configure this value if this is wrong.
Config: Warning: Key UniformWrites is not set. Using 'true' as the default. Please configure this value if this is wrong.
Config: Warning: Key WriteAllBits is not set. Using 'true' as the default. Please configure this value if this is wrong.
Config: Warning: Key Ereset is not set. Using '0.054331' as the default. Please configure this value if this is wrong.
Config: Warning: Key Eset is not set. Using '0.101581' as the default. Please configure this value if this is wrong.
Config: Warning: Key nWP00 is not set. Using '0' as the default. Please configure this value if this is wrong.
Config: Warning: Key nWP01 is not set. Using '7' as the default. Please configure this value if this is wrong.
Config: Warning: Key nWP10 is not set. Using '5' as the default. Please configure this value if this is wrong.
Config: Warning: Key nWP11 is not set. Using '1' as the default. Please configure this value if this is wrong.
Config: Warning: Key WPMaxVariance is not set. Using '2' as the default. Please configure this value if this is wrong.
Config: Warning: Key DeadlockTimer is not set. Using '10000000' as the default. Please configure this value if this is wrong.
Config: Warning: Key EnableDebug is not set. Using 'false' as the default. Please configure this value if this is wrong.
Config: Warning: Key WritePausing is not set. Using 'false' as the default. Please configure this value if this is wrong.
Config: Warning: Key PauseThreshold is not set. Using '0.4' as the default. Please configure this value if this is wrong.
Config: Warning: Key MaxCancellations is not set. Using '4' as the default. Please configure this value if this is wrong.
NVMain: the address mapping order is 
	Sub-Array 1
	Row 6
	Column 2
	Bank 4
	Rank 5
	Channel 3
Config: Warning: Key CONFIG_CHANNEL0 is not set. Using '' as the default. Please configure this value if this is wrong.
Created a First Ready First Come First Serve memory         controller with write queue!
Config: Warning: Key EIDD0 is not set. Using '85' as the default. Please configure this value if this is wrong.
Config: Warning: Key EIDD1 is not set. Using '54' as the default. Please configure this value if this is wrong.
Config: Warning: Key EIDD2P0 is not set. Using '30' as the default. Please configure this value if this is wrong.
Config: Warning: Key EIDD2P1 is not set. Using '30' as the default. Please configure this value if this is wrong.
Config: Warning: Key EIDD2N is not set. Using '37' as the default. Please configure this value if this is wrong.
Config: Warning: Key EIDD3P is not set. Using '35' as the default. Please configure this value if this is wrong.
Config: Warning: Key EIDD3N is not set. Using '40' as the default. Please configure this value if this is wrong.
Config: Warning: Key EIDD4R is not set. Using '160' as the default. Please configure this value if this is wrong.
Config: Warning: Key EIDD4W is not set. Using '165' as the default. Please configure this value if this is wrong.
Config: Warning: Key EIDD5B is not set. Using '200' as the default. Please configure this value if this is wrong.
Config: Warning: Key EIDD6 is not set. Using '12' as the default. Please configure this value if this is wrong.
Config: Warning: Key Eactstdby is not set. Using '0.09009' as the default. Please configure this value if this is wrong.
Config: Warning: Key Eprestdby is not set. Using '0.083333' as the default. Please configure this value if this is wrong.
Config: Warning: Key Rtt_nom is not set. Using '30' as the default. Please configure this value if this is wrong.
Config: Warning: Key Rtt_wr is not set. Using '60' as the default. Please configure this value if this is wrong.
Config: Warning: Key Rtt_cont is not set. Using '75' as the default. Please configure this value if this is wrong.
Config: Warning: Key VDDQ is not set. Using '1.5' as the default. Please configure this value if this is wrong.
Config: Warning: Key VSSQ is not set. Using '0' as the default. Please configure this value if this is wrong.
Config: Warning: Key RanksPerDIMM is not set. Using '1' as the default. Please configure this value if this is wrong.
Config: Warning: Key DataEncoder is not set. Using 'default' as the default. Please configure this value if this is wrong.
Config: Warning: Key UseLowPower is not set. Using 'true' as the default. Please configure this value if this is wrong.
Config: Warning: Key PowerDownMode is not set. Using 'FASTEXIT' as the default. Please configure this value if this is wrong.
Config: Warning: Key PrintAllDevices is not set. Using 'false' as the default. Please configure this value if this is wrong.
Config: Warning: Key PrintConfig is not set. Using 'false' as the default. Please configure this value if this is wrong.
Config: Warning: Key StaggerRefresh is not set. Using 'false' as the default. Please configure this value if this is wrong.
Config: Warning: Key UsePrecharge is not set. Using 'true' as the default. Please configure this value if this is wrong.
Config: Warning: Key OffChipLatency is not set. Using '10' as the default. Please configure this value if this is wrong.
Config: Warning: Key RBSize is not set. Using '32' as the default. Please configure this value if this is wrong.
Config: Warning: Key MemoryPrefetcher is not set. Using 'none' as the default. Please configure this value if this is wrong.
Config: Warning: Key PrefetchBufferSize is not set. Using '32' as the default. Please configure this value if this is wrong.
Config: Warning: Key MLCLevels is not set. Using '1' as the default. Please configure this value if this is wrong.
Config: Warning: Key WPVariance is not set. Using '1' as the default. Please configure this value if this is wrong.
Config: Warning: Key UniformWrites is not set. Using 'true' as the default. Please configure this value if this is wrong.
Config: Warning: Key WriteAllBits is not set. Using 'true' as the default. Please configure this value if this is wrong.
Config: Warning: Key Ereset is not set. Using '0.054331' as the default. Please configure this value if this is wrong.
Config: Warning: Key Eset is not set. Using '0.101581' as the default. Please configure this value if this is wrong.
Config: Warning: Key nWP00 is not set. Using '0' as the default. Please configure this value if this is wrong.
Config: Warning: Key nWP01 is not set. Using '7' as the default. Please configure this value if this is wrong.
Config: Warning: Key nWP10 is not set. Using '5' as the default. Please configure this value if this is wrong.
Config: Warning: Key nWP11 is not set. Using '1' as the default. Please configure this value if this is wrong.
Config: Warning: Key WPMaxVariance is not set. Using '2' as the default. Please configure this value if this is wrong.
Config: Warning: Key DeadlockTimer is not set. Using '10000000' as the default. Please configure this value if this is wrong.
Config: Warning: Key EnableDebug is not set. Using 'false' as the default. Please configure this value if this is wrong.
Config: Warning: Key WritePausing is not set. Using 'false' as the default. Please configure this value if this is wrong.
Config: Warning: Key PauseThreshold is not set. Using '0.4' as the default. Please configure this value if this is wrong.
Config: Warning: Key MaxCancellations is not set. Using '4' as the default. Please configure this value if this is wrong.
Config: Warning: Key Decoder is not set. Using '' as the default. Please configure this value if this is wrong.
Config: Warning: Key RankType is not set. Using '' as the default. Please configure this value if this is wrong.
Creating 4 banks in all 8 devices.
Config: Warning: Key BankType is not set. Using '' as the default. Please configure this value if this is wrong.
NVMain: the address mapping order is 
	Sub-Array 1
	Row 6
	Column 2
	Bank 4
	Rank 5
	Channel 3
defaultMemory.channel0.FRFCFS-WQF capacity is 4096 MB.
Creating 4 command queues.
**** REAL SIMULATION ****
info: Entering event queue @ 0.  Starting simulation...
warn: readlink() called on '/proc/self/exe' may yield unexpected results in various settings.
      Returning '/root/COFINAL/data/benchmarks/multiply'
info: Increasing stack size by one page.
warn: ignoring syscall access(...)
info: Increasing stack size by one page.
info: Increasing stack size by one page.
info: Increasing stack size by one page.
info: Increasing stack size by one page.
info: Increasing stack size by one page.
info: Increasing stack size by one page.
info: Increasing stack size by one page.
info: Increasing stack size by one page.
info: Increasing stack size by one page.
info: Increasing stack size by one page.
info: Increasing stack size by one page.
info: Increasing stack size by one page.
info: Increasing stack size by one page.
info: Increasing stack size by one page.
info: Increasing stack size by one page.
info: Increasing stack size by one page.
info: Increasing stack size by one page.
info: Increasing stack size by one page.
info: Increasing stack size by one page.
info: Increasing stack size by one page.
info: Increasing stack size by one page.
info: Increasing stack size by one page.
info: Increasing stack size by one page.
info: Increasing stack size by one page.
info: Increasing stack size by one page.
info: Increasing stack size by one page.
info: Increasing stack size by one page.
info: Increasing stack size by one page.
info: Increasing stack size by one page.
info: Increasing stack size by one page.
info: Increasing stack size by one page.
info: Increasing stack size by one page.
info: Increasing stack size by one page.
info: Increasing stack size by one page.
info: Increasing stack size by one page.
info: Increasing stack size by one page.
info: Increasing stack size by one page.
info: Increasing stack size by one page.
info: Increasing stack size by one page.
info: Increasing stack size by one page.
info: Increasing stack size by one page.
info: Increasing stack size by one page.
info: Increasing stack size by one page.
info: Increasing stack size by one page.
info: Increasing stack size by one page.
info: Increasing stack size by one page.
info: Increasing stack size by one page.
info: Increasing stack size by one page.
info: Increasing stack size by one page.
info: Increasing stack size by one page.
info: Increasing stack size by one page.
info: Increasing stack size by one page.
info: Increasing stack size by one page.
info: Increasing stack size by one page.
info: Increasing stack size by one page.
info: Increasing stack size by one page.
info: Increasing stack size by one page.
info: Increasing stack size by one page.
info: Increasing stack size by one page.
info: Increasing stack size by one page.
info: Increasing stack size by one page.
info: Increasing stack size by one page.
info: Increasing stack size by one page.
info: Increasing stack size by one page.
info: Increasing stack size by one page.
info: Increasing stack size by one page.
info: Increasing stack size by one page.
info: Increasing stack size by one page.
info: Increasing stack size by one page.
info: Increasing stack size by one page.
info: Increasing stack size by one page.
info: Increasing stack size by one page.
info: Increasing stack size by one page.
info: Increasing stack size by one page.
info: Increasing stack size by one page.
info: Increasing stack size by one page.
info: Increasing stack size by one page.
info: Increasing stack size by one page.
info: Increasing stack size by one page.
info: Increasing stack size by one page.
info: Increasing stack size by one page.
info: Increasing stack size by one page.
info: Increasing stack size by one page.
info: Increasing stack size by one page.
info: Increasing stack size by one page.
info: Increasing stack size by one page.
info: Increasing stack size by one page.
info: Increasing stack size by one page.
info: Increasing stack size by one page.
info: Increasing stack size by one page.
info: Increasing stack size by one page.
info: Increasing stack size by one page.
info: Increasing stack size by one page.
info: Increasing stack size by one page.
info: Increasing stack size by one page.
info: Increasing stack size by one page.
info: Increasing stack size by one page.
info: Increasing stack size by one page.
info: Increasing stack size by one page.
info: Increasing stack size by one page.
info: Increasing stack size by one page.
info: Increasing stack size by one page.
info: Increasing stack size by one page.
info: Increasing stack size by one page.
info: Increasing stack size by one page.
info: Increasing stack size by one page.
info: Increasing stack size by one page.
info: Increasing stack size by one page.
info: Increasing stack size by one page.
info: Increasing stack size by one page.
info: Increasing stack size by one page.
info: Increasing stack size by one page.
info: Increasing stack size by one page.
info: Increasing stack size by one page.
info: Increasing stack size by one page.
info: Increasing stack size by one page.
info: Increasing stack size by one page.
info: Increasing stack size by one page.
info: Increasing stack size by one page.
info: Increasing stack size by one page.
info: Increasing stack size by one page.
info: Increasing stack size by one page.
info: Increasing stack size by one page.
info: Increasing stack size by one page.
info: Increasing stack size by one page.
info: Increasing stack size by one page.
info: Increasing stack size by one page.
info: Increasing stack size by one page.
info: Increasing stack size by one page.
info: Increasing stack size by one page.
info: Increasing stack size by one page.
info: Increasing stack size by one page.
info: Increasing stack size by one page.
info: Increasing stack size by one page.
info: Increasing stack size by one page.
info: Increasing stack size by one page.
info: Increasing stack size by one page.
info: Increasing stack size by one page.
info: Increasing stack size by one page.
info: Increasing stack size by one page.
info: Increasing stack size by one page.
info: Increasing stack size by one page.
info: Increasing stack size by one page.
info: Increasing stack size by one page.
info: Increasing stack size by one page.
info: Increasing stack size by one page.
info: Increasing stack size by one page.
info: Increasing stack size by one page.
info: Increasing stack size by one page.
info: Increasing stack size by one page.
info: Increasing stack size by one page.
info: Increasing stack size by one page.
info: Increasing stack size by one page.
info: Increasing stack size by one page.
info: Increasing stack size by one page.
info: Increasing stack size by one page.
info: Increasing stack size by one page.
info: Increasing stack size by one page.
info: Increasing stack size by one page.
info: Increasing stack size by one page.
info: Increasing stack size by one page.
info: Increasing stack size by one page.
info: Increasing stack size by one page.
info: Increasing stack size by one page.
info: Increasing stack size by one page.
info: Increasing stack size by one page.
info: Increasing stack size by one page.
info: Increasing stack size by one page.
info: Increasing stack size by one page.
info: Increasing stack size by one page.
info: Increasing stack size by one page.
info: Increasing stack size by one page.
info: Increasing stack size by one page.
info: Increasing stack size by one page.
info: Increasing stack size by one page.
info: Increasing stack size by one page.
info: Increasing stack size by one page.
info: Increasing stack size by one page.
info: Increasing stack size by one page.
info: Increasing stack size by one page.
info: Increasing stack size by one page.
info: Increasing stack size by one page.
info: Increasing stack size by one page.
info: Increasing stack size by one page.
info: Increasing stack size by one page.
info: Increasing stack size by one page.
info: Increasing stack size by one page.
info: Increasing stack size by one page.
info: Increasing stack size by one page.
info: Increasing stack size by one page.
info: Increasing stack size by one page.
info: Increasing stack size by one page.
info: Increasing stack size by one page.
info: Increasing stack size by one page.
info: Increasing stack size by one page.
info: Increasing stack size by one page.
info: Increasing stack size by one page.
info: Increasing stack size by one page.
info: Increasing stack size by one page.
info: Increasing stack size by one page.
info: Increasing stack size by one page.
info: Increasing stack size by one page.
info: Increasing stack size by one page.
info: Increasing stack size by one page.
info: Increasing stack size by one page.
info: Increasing stack size by one page.
info: Increasing stack size by one page.
info: Increasing stack size by one page.
info: Increasing stack size by one page.
info: Increasing stack size by one page.
info: Increasing stack size by one page.
info: Increasing stack size by one page.
info: Increasing stack size by one page.
info: Increasing stack size by one page.
info: Increasing stack size by one page.
info: Increasing stack size by one page.
info: Increasing stack size by one page.
info: Increasing stack size by one page.
info: Increasing stack size by one page.
info: Increasing stack size by one page.
info: Increasing stack size by one page.
info: Increasing stack size by one page.
info: Increasing stack size by one page.
info: Increasing stack size by one page.
info: Increasing stack size by one page.
info: Increasing stack size by one page.
info: Increasing stack size by one page.
info: Increasing stack size by one page.
info: Increasing stack size by one page.
info: Increasing stack size by one page.
info: Increasing stack size by one page.
info: Increasing stack size by one page.
info: Increasing stack size by one page.
info: Increasing stack size by one page.
info: Increasing stack size by one page.
info: Increasing stack size by one page.
info: Increasing stack size by one page.
info: Increasing stack size by one page.
info: Increasing stack size by one page.
info: Increasing stack size by one page.
info: Increasing stack size by one page.
info: Increasing stack size by one page.
info: Increasing stack size by one page.
info: Increasing stack size by one page.
info: Increasing stack size by one page.
info: Increasing stack size by one page.
info: Increasing stack size by one page.
info: Increasing stack size by one page.
info: Increasing stack size by one page.
info: Increasing stack size by one page.
info: Increasing stack size by one page.
info: Increasing stack size by one page.
info: Increasing stack size by one page.
info: Increasing stack size by one page.
info: Increasing stack size by one page.
info: Increasing stack size by one page.
info: Increasing stack size by one page.
info: Increasing stack size by one page.
info: Increasing stack size by one page.
info: Increasing stack size by one page.
info: Increasing stack size by one page.
info: Increasing stack size by one page.
Exiting @ tick 2284327830000 because exiting with last active thread context
i0.defaultMemory.channel0.FRFCFS-WQF.channel0.rank0.bank0.subarray0.subArrayEnergy 132467nJ
i0.defaultMemory.channel0.FRFCFS-WQF.channel0.rank0.bank0.subarray0.activeEnergy 25160nJ
i0.defaultMemory.channel0.FRFCFS-WQF.channel0.rank0.bank0.subarray0.burstEnergy 5730.31nJ
i0.defaultMemory.channel0.FRFCFS-WQF.channel0.rank0.bank0.subarray0.writeEnergy 101576nJ
i0.defaultMemory.channel0.FRFCFS-WQF.channel0.rank0.bank0.subarray0.refreshEnergy 0nJ
i0.defaultMemory.channel0.FRFCFS-WQF.channel0.rank0.bank0.subarray0.cancelledWrites 0
i0.defaultMemory.channel0.FRFCFS-WQF.channel0.rank0.bank0.subarray0.cancelledWriteTime 0
i0.defaultMemory.channel0.FRFCFS-WQF.channel0.rank0.bank0.subarray0.pausedWrites 0
i0.defaultMemory.channel0.FRFCFS-WQF.channel0.rank0.bank0.subarray0.averagePausesPerRequest 0
i0.defaultMemory.channel0.FRFCFS-WQF.channel0.rank0.bank0.subarray0.measuredPauses 3101
i0.defaultMemory.channel0.FRFCFS-WQF.channel0.rank0.bank0.subarray0.averagePausedRequestProgress 0
i0.defaultMemory.channel0.FRFCFS-WQF.channel0.rank0.bank0.subarray0.measuredProgresses 0
i0.defaultMemory.channel0.FRFCFS-WQF.channel0.rank0.bank0.subarray0.reads 312942
i0.defaultMemory.channel0.FRFCFS-WQF.channel0.rank0.bank0.subarray0.writes 3101
i0.defaultMemory.channel0.FRFCFS-WQF.channel0.rank0.bank0.subarray0.activates 309852
i0.defaultMemory.channel0.FRFCFS-WQF.channel0.rank0.bank0.subarray0.precharges 309851
i0.defaultMemory.channel0.FRFCFS-WQF.channel0.rank0.bank0.subarray0.refreshes 0
i0.defaultMemory.channel0.FRFCFS-WQF.channel0.rank0.bank0.subarray0.worstCaseEndurance 18446744073709551615
i0.defaultMemory.channel0.FRFCFS-WQF.channel0.rank0.bank0.subarray0.averageEndurance 0
i0.defaultMemory.channel0.FRFCFS-WQF.channel0.rank0.bank0.subarray0.actWaits 0
i0.defaultMemory.channel0.FRFCFS-WQF.channel0.rank0.bank0.subarray0.actWaitTotal 0
i0.defaultMemory.channel0.FRFCFS-WQF.channel0.rank0.bank0.subarray0.actWaitAverage -nan
i0.defaultMemory.channel0.FRFCFS-WQF.channel0.rank0.bank0.subarray0.worstCaseWrite 0
i0.defaultMemory.channel0.FRFCFS-WQF.channel0.rank0.bank0.subarray0.num00Writes 0
i0.defaultMemory.channel0.FRFCFS-WQF.channel0.rank0.bank0.subarray0.num01Writes 0
i0.defaultMemory.channel0.FRFCFS-WQF.channel0.rank0.bank0.subarray0.num10Writes 0
i0.defaultMemory.channel0.FRFCFS-WQF.channel0.rank0.bank0.subarray0.num11Writes 0
i0.defaultMemory.channel0.FRFCFS-WQF.channel0.rank0.bank0.subarray0.averageWriteTime 60
i0.defaultMemory.channel0.FRFCFS-WQF.channel0.rank0.bank0.subarray0.measuredWriteTimes 3101
i0.defaultMemory.channel0.FRFCFS-WQF.channel0.rank0.bank0.subarray0.mlcTimingHisto {}
i0.defaultMemory.channel0.FRFCFS-WQF.channel0.rank0.bank0.subarray0.cancelCountHisto {0: 3100}
i0.defaultMemory.channel0.FRFCFS-WQF.channel0.rank0.bank0.subarray0.wpPauseHisto {}
i0.defaultMemory.channel0.FRFCFS-WQF.channel0.rank0.bank0.subarray0.wpCancelHisto {}
i0.defaultMemory.channel0.FRFCFS-WQF.channel0.rank0.bank0.bankEnergy 132467nJ
i0.defaultMemory.channel0.FRFCFS-WQF.channel0.rank0.bank0.activeEnergy 25160nJ
i0.defaultMemory.channel0.FRFCFS-WQF.channel0.rank0.bank0.burstEnergy 5730.31nJ
i0.defaultMemory.channel0.FRFCFS-WQF.channel0.rank0.bank0.refreshEnergy 0nJ
i0.defaultMemory.channel0.FRFCFS-WQF.channel0.rank0.bank0.bankPower 289947W
i0.defaultMemory.channel0.FRFCFS-WQF.channel0.rank0.bank0.activePower 55070.9W
i0.defaultMemory.channel0.FRFCFS-WQF.channel0.rank0.bank0.burstPower 12542.7W
i0.defaultMemory.channel0.FRFCFS-WQF.channel0.rank0.bank0.refreshPower 0W
i0.defaultMemory.channel0.FRFCFS-WQF.channel0.rank0.bank0.bandwidth 141.673MB/s
i0.defaultMemory.channel0.FRFCFS-WQF.channel0.rank0.bank0.dataCycles 1264172
i0.defaultMemory.channel0.FRFCFS-WQF.channel0.rank0.bank0.powerCycles 456865565
i0.defaultMemory.channel0.FRFCFS-WQF.channel0.rank0.bank0.utilization 0.00276705
i0.defaultMemory.channel0.FRFCFS-WQF.channel0.rank0.bank0.reads 312942
i0.defaultMemory.channel0.FRFCFS-WQF.channel0.rank0.bank0.writes 3101
i0.defaultMemory.channel0.FRFCFS-WQF.channel0.rank0.bank0.activates 309852
i0.defaultMemory.channel0.FRFCFS-WQF.channel0.rank0.bank0.precharges 309851
i0.defaultMemory.channel0.FRFCFS-WQF.channel0.rank0.bank0.refreshes 0
i0.defaultMemory.channel0.FRFCFS-WQF.channel0.rank0.bank0.activeCycles 456843587
i0.defaultMemory.channel0.FRFCFS-WQF.channel0.rank0.bank0.standbyCycles 21978
i0.defaultMemory.channel0.FRFCFS-WQF.channel0.rank0.bank0.fastExitActiveCycles 0
i0.defaultMemory.channel0.FRFCFS-WQF.channel0.rank0.bank0.fastExitPrechargeCycles 0
i0.defaultMemory.channel0.FRFCFS-WQF.channel0.rank0.bank0.slowExitPrechargeCycles 0
i0.defaultMemory.channel0.FRFCFS-WQF.channel0.rank0.bank0.actWaits 0
i0.defaultMemory.channel0.FRFCFS-WQF.channel0.rank0.bank0.actWaitTotal 0
i0.defaultMemory.channel0.FRFCFS-WQF.channel0.rank0.bank0.actWaitAverage -nan
i0.defaultMemory.channel0.FRFCFS-WQF.channel0.rank0.bank0.averageEndurance 0
i0.defaultMemory.channel0.FRFCFS-WQF.channel0.rank0.bank0.worstCaseEndurance 18446744073709551615
i0.defaultMemory.channel0.FRFCFS-WQF.channel0.rank0.bank1.subarray0.subArrayEnergy 113266nJ
i0.defaultMemory.channel0.FRFCFS-WQF.channel0.rank0.bank1.subarray0.activeEnergy 4942.81nJ
i0.defaultMemory.channel0.FRFCFS-WQF.channel0.rank0.bank1.subarray0.burstEnergy 5394.89nJ
i0.defaultMemory.channel0.FRFCFS-WQF.channel0.rank0.bank1.subarray0.writeEnergy 102929nJ
i0.defaultMemory.channel0.FRFCFS-WQF.channel0.rank0.bank1.subarray0.refreshEnergy 0nJ
i0.defaultMemory.channel0.FRFCFS-WQF.channel0.rank0.bank1.subarray0.cancelledWrites 0
i0.defaultMemory.channel0.FRFCFS-WQF.channel0.rank0.bank1.subarray0.cancelledWriteTime 0
i0.defaultMemory.channel0.FRFCFS-WQF.channel0.rank0.bank1.subarray0.pausedWrites 0
i0.defaultMemory.channel0.FRFCFS-WQF.channel0.rank0.bank1.subarray0.averagePausesPerRequest 0
i0.defaultMemory.channel0.FRFCFS-WQF.channel0.rank0.bank1.subarray0.measuredPauses 3140
i0.defaultMemory.channel0.FRFCFS-WQF.channel0.rank0.bank1.subarray0.averagePausedRequestProgress 0
i0.defaultMemory.channel0.FRFCFS-WQF.channel0.rank0.bank1.subarray0.measuredProgresses 0
i0.defaultMemory.channel0.FRFCFS-WQF.channel0.rank0.bank1.subarray0.reads 64720
i0.defaultMemory.channel0.FRFCFS-WQF.channel0.rank0.bank1.subarray0.writes 3140
i0.defaultMemory.channel0.FRFCFS-WQF.channel0.rank0.bank1.subarray0.activates 60872
i0.defaultMemory.channel0.FRFCFS-WQF.channel0.rank0.bank1.subarray0.precharges 60871
i0.defaultMemory.channel0.FRFCFS-WQF.channel0.rank0.bank1.subarray0.refreshes 0
i0.defaultMemory.channel0.FRFCFS-WQF.channel0.rank0.bank1.subarray0.worstCaseEndurance 18446744073709551615
i0.defaultMemory.channel0.FRFCFS-WQF.channel0.rank0.bank1.subarray0.averageEndurance 0
i0.defaultMemory.channel0.FRFCFS-WQF.channel0.rank0.bank1.subarray0.actWaits 0
i0.defaultMemory.channel0.FRFCFS-WQF.channel0.rank0.bank1.subarray0.actWaitTotal 0
i0.defaultMemory.channel0.FRFCFS-WQF.channel0.rank0.bank1.subarray0.actWaitAverage -nan
i0.defaultMemory.channel0.FRFCFS-WQF.channel0.rank0.bank1.subarray0.worstCaseWrite 0
i0.defaultMemory.channel0.FRFCFS-WQF.channel0.rank0.bank1.subarray0.num00Writes 0
i0.defaultMemory.channel0.FRFCFS-WQF.channel0.rank0.bank1.subarray0.num01Writes 0
i0.defaultMemory.channel0.FRFCFS-WQF.channel0.rank0.bank1.subarray0.num10Writes 0
i0.defaultMemory.channel0.FRFCFS-WQF.channel0.rank0.bank1.subarray0.num11Writes 0
i0.defaultMemory.channel0.FRFCFS-WQF.channel0.rank0.bank1.subarray0.averageWriteTime 60
i0.defaultMemory.channel0.FRFCFS-WQF.channel0.rank0.bank1.subarray0.measuredWriteTimes 3140
i0.defaultMemory.channel0.FRFCFS-WQF.channel0.rank0.bank1.subarray0.mlcTimingHisto {}
i0.defaultMemory.channel0.FRFCFS-WQF.channel0.rank0.bank1.subarray0.cancelCountHisto {0: 3139}
i0.defaultMemory.channel0.FRFCFS-WQF.channel0.rank0.bank1.subarray0.wpPauseHisto {}
i0.defaultMemory.channel0.FRFCFS-WQF.channel0.rank0.bank1.subarray0.wpCancelHisto {}
i0.defaultMemory.channel0.FRFCFS-WQF.channel0.rank0.bank1.bankEnergy 113266nJ
i0.defaultMemory.channel0.FRFCFS-WQF.channel0.rank0.bank1.activeEnergy 4942.81nJ
i0.defaultMemory.channel0.FRFCFS-WQF.channel0.rank0.bank1.burstEnergy 5394.89nJ
i0.defaultMemory.channel0.FRFCFS-WQF.channel0.rank0.bank1.refreshEnergy 0nJ
i0.defaultMemory.channel0.FRFCFS-WQF.channel0.rank0.bank1.bankPower 247921W
i0.defaultMemory.channel0.FRFCFS-WQF.channel0.rank0.bank1.activePower 10819W
i0.defaultMemory.channel0.FRFCFS-WQF.channel0.rank0.bank1.burstPower 11808.5W
i0.defaultMemory.channel0.FRFCFS-WQF.channel0.rank0.bank1.refreshPower 0W
i0.defaultMemory.channel0.FRFCFS-WQF.channel0.rank0.bank1.bandwidth 30.4197MB/s
i0.defaultMemory.channel0.FRFCFS-WQF.channel0.rank0.bank1.dataCycles 271440
i0.defaultMemory.channel0.FRFCFS-WQF.channel0.rank0.bank1.powerCycles 456865565
i0.defaultMemory.channel0.FRFCFS-WQF.channel0.rank0.bank1.utilization 0.000594135
i0.defaultMemory.channel0.FRFCFS-WQF.channel0.rank0.bank1.reads 64720
i0.defaultMemory.channel0.FRFCFS-WQF.channel0.rank0.bank1.writes 3140
i0.defaultMemory.channel0.FRFCFS-WQF.channel0.rank0.bank1.activates 60872
i0.defaultMemory.channel0.FRFCFS-WQF.channel0.rank0.bank1.precharges 60871
i0.defaultMemory.channel0.FRFCFS-WQF.channel0.rank0.bank1.refreshes 0
i0.defaultMemory.channel0.FRFCFS-WQF.channel0.rank0.bank1.activeCycles 456850548
i0.defaultMemory.channel0.FRFCFS-WQF.channel0.rank0.bank1.standbyCycles 15017
i0.defaultMemory.channel0.FRFCFS-WQF.channel0.rank0.bank1.fastExitActiveCycles 0
i0.defaultMemory.channel0.FRFCFS-WQF.channel0.rank0.bank1.fastExitPrechargeCycles 0
i0.defaultMemory.channel0.FRFCFS-WQF.channel0.rank0.bank1.slowExitPrechargeCycles 0
i0.defaultMemory.channel0.FRFCFS-WQF.channel0.rank0.bank1.actWaits 0
i0.defaultMemory.channel0.FRFCFS-WQF.channel0.rank0.bank1.actWaitTotal 0
i0.defaultMemory.channel0.FRFCFS-WQF.channel0.rank0.bank1.actWaitAverage -nan
i0.defaultMemory.channel0.FRFCFS-WQF.channel0.rank0.bank1.averageEndurance 0
i0.defaultMemory.channel0.FRFCFS-WQF.channel0.rank0.bank1.worstCaseEndurance 18446744073709551615
i0.defaultMemory.channel0.FRFCFS-WQF.channel0.rank0.bank2.subarray0.subArrayEnergy 139405nJ
i0.defaultMemory.channel0.FRFCFS-WQF.channel0.rank0.bank2.subarray0.activeEnergy 19756.9nJ
i0.defaultMemory.channel0.FRFCFS-WQF.channel0.rank0.bank2.subarray0.burstEnergy 6259.26nJ
i0.defaultMemory.channel0.FRFCFS-WQF.channel0.rank0.bank2.subarray0.writeEnergy 113389nJ
i0.defaultMemory.channel0.FRFCFS-WQF.channel0.rank0.bank2.subarray0.refreshEnergy 0nJ
i0.defaultMemory.channel0.FRFCFS-WQF.channel0.rank0.bank2.subarray0.cancelledWrites 0
i0.defaultMemory.channel0.FRFCFS-WQF.channel0.rank0.bank2.subarray0.cancelledWriteTime 0
i0.defaultMemory.channel0.FRFCFS-WQF.channel0.rank0.bank2.subarray0.pausedWrites 0
i0.defaultMemory.channel0.FRFCFS-WQF.channel0.rank0.bank2.subarray0.averagePausesPerRequest 0
i0.defaultMemory.channel0.FRFCFS-WQF.channel0.rank0.bank2.subarray0.measuredPauses 3479
i0.defaultMemory.channel0.FRFCFS-WQF.channel0.rank0.bank2.subarray0.averagePausedRequestProgress 0
i0.defaultMemory.channel0.FRFCFS-WQF.channel0.rank0.bank2.subarray0.measuredProgresses 0
i0.defaultMemory.channel0.FRFCFS-WQF.channel0.rank0.bank2.subarray0.reads 246163
i0.defaultMemory.channel0.FRFCFS-WQF.channel0.rank0.bank2.subarray0.writes 3479
i0.defaultMemory.channel0.FRFCFS-WQF.channel0.rank0.bank2.subarray0.activates 243312
i0.defaultMemory.channel0.FRFCFS-WQF.channel0.rank0.bank2.subarray0.precharges 243311
i0.defaultMemory.channel0.FRFCFS-WQF.channel0.rank0.bank2.subarray0.refreshes 0
i0.defaultMemory.channel0.FRFCFS-WQF.channel0.rank0.bank2.subarray0.worstCaseEndurance 18446744073709551615
i0.defaultMemory.channel0.FRFCFS-WQF.channel0.rank0.bank2.subarray0.averageEndurance 0
i0.defaultMemory.channel0.FRFCFS-WQF.channel0.rank0.bank2.subarray0.actWaits 0
i0.defaultMemory.channel0.FRFCFS-WQF.channel0.rank0.bank2.subarray0.actWaitTotal 0
i0.defaultMemory.channel0.FRFCFS-WQF.channel0.rank0.bank2.subarray0.actWaitAverage -nan
i0.defaultMemory.channel0.FRFCFS-WQF.channel0.rank0.bank2.subarray0.worstCaseWrite 0
i0.defaultMemory.channel0.FRFCFS-WQF.channel0.rank0.bank2.subarray0.num00Writes 0
i0.defaultMemory.channel0.FRFCFS-WQF.channel0.rank0.bank2.subarray0.num01Writes 0
i0.defaultMemory.channel0.FRFCFS-WQF.channel0.rank0.bank2.subarray0.num10Writes 0
i0.defaultMemory.channel0.FRFCFS-WQF.channel0.rank0.bank2.subarray0.num11Writes 0
i0.defaultMemory.channel0.FRFCFS-WQF.channel0.rank0.bank2.subarray0.averageWriteTime 60
i0.defaultMemory.channel0.FRFCFS-WQF.channel0.rank0.bank2.subarray0.measuredWriteTimes 3479
i0.defaultMemory.channel0.FRFCFS-WQF.channel0.rank0.bank2.subarray0.mlcTimingHisto {}
i0.defaultMemory.channel0.FRFCFS-WQF.channel0.rank0.bank2.subarray0.cancelCountHisto {0: 3478}
i0.defaultMemory.channel0.FRFCFS-WQF.channel0.rank0.bank2.subarray0.wpPauseHisto {}
i0.defaultMemory.channel0.FRFCFS-WQF.channel0.rank0.bank2.subarray0.wpCancelHisto {}
i0.defaultMemory.channel0.FRFCFS-WQF.channel0.rank0.bank2.bankEnergy 139405nJ
i0.defaultMemory.channel0.FRFCFS-WQF.channel0.rank0.bank2.activeEnergy 19756.9nJ
i0.defaultMemory.channel0.FRFCFS-WQF.channel0.rank0.bank2.burstEnergy 6259.26nJ
i0.defaultMemory.channel0.FRFCFS-WQF.channel0.rank0.bank2.refreshEnergy 0nJ
i0.defaultMemory.channel0.FRFCFS-WQF.channel0.rank0.bank2.bankPower 305133W
i0.defaultMemory.channel0.FRFCFS-WQF.channel0.rank0.bank2.activePower 43244.5W
i0.defaultMemory.channel0.FRFCFS-WQF.channel0.rank0.bank2.burstPower 13700.4W
i0.defaultMemory.channel0.FRFCFS-WQF.channel0.rank0.bank2.refreshPower 0W
i0.defaultMemory.channel0.FRFCFS-WQF.channel0.rank0.bank2.bandwidth 111.907MB/s
i0.defaultMemory.channel0.FRFCFS-WQF.channel0.rank0.bank2.dataCycles 998568
i0.defaultMemory.channel0.FRFCFS-WQF.channel0.rank0.bank2.powerCycles 456865565
i0.defaultMemory.channel0.FRFCFS-WQF.channel0.rank0.bank2.utilization 0.00218569
i0.defaultMemory.channel0.FRFCFS-WQF.channel0.rank0.bank2.reads 246163
i0.defaultMemory.channel0.FRFCFS-WQF.channel0.rank0.bank2.writes 3479
i0.defaultMemory.channel0.FRFCFS-WQF.channel0.rank0.bank2.activates 243312
i0.defaultMemory.channel0.FRFCFS-WQF.channel0.rank0.bank2.precharges 243311
i0.defaultMemory.channel0.FRFCFS-WQF.channel0.rank0.bank2.refreshes 0
i0.defaultMemory.channel0.FRFCFS-WQF.channel0.rank0.bank2.activeCycles 456842884
i0.defaultMemory.channel0.FRFCFS-WQF.channel0.rank0.bank2.standbyCycles 22681
i0.defaultMemory.channel0.FRFCFS-WQF.channel0.rank0.bank2.fastExitActiveCycles 0
i0.defaultMemory.channel0.FRFCFS-WQF.channel0.rank0.bank2.fastExitPrechargeCycles 0
i0.defaultMemory.channel0.FRFCFS-WQF.channel0.rank0.bank2.slowExitPrechargeCycles 0
i0.defaultMemory.channel0.FRFCFS-WQF.channel0.rank0.bank2.actWaits 0
i0.defaultMemory.channel0.FRFCFS-WQF.channel0.rank0.bank2.actWaitTotal 0
i0.defaultMemory.channel0.FRFCFS-WQF.channel0.rank0.bank2.actWaitAverage -nan
i0.defaultMemory.channel0.FRFCFS-WQF.channel0.rank0.bank2.averageEndurance 0
i0.defaultMemory.channel0.FRFCFS-WQF.channel0.rank0.bank2.worstCaseEndurance 18446744073709551615
i0.defaultMemory.channel0.FRFCFS-WQF.channel0.rank0.bank3.subarray0.subArrayEnergy 122913nJ
i0.defaultMemory.channel0.FRFCFS-WQF.channel0.rank0.bank3.subarray0.activeEnergy 25217.8nJ
i0.defaultMemory.channel0.FRFCFS-WQF.channel0.rank0.bank3.subarray0.burstEnergy 5317.47nJ
i0.defaultMemory.channel0.FRFCFS-WQF.channel0.rank0.bank3.subarray0.writeEnergy 92377.5nJ
i0.defaultMemory.channel0.FRFCFS-WQF.channel0.rank0.bank3.subarray0.refreshEnergy 0nJ
i0.defaultMemory.channel0.FRFCFS-WQF.channel0.rank0.bank3.subarray0.cancelledWrites 0
i0.defaultMemory.channel0.FRFCFS-WQF.channel0.rank0.bank3.subarray0.cancelledWriteTime 0
i0.defaultMemory.channel0.FRFCFS-WQF.channel0.rank0.bank3.subarray0.pausedWrites 0
i0.defaultMemory.channel0.FRFCFS-WQF.channel0.rank0.bank3.subarray0.averagePausesPerRequest 0
i0.defaultMemory.channel0.FRFCFS-WQF.channel0.rank0.bank3.subarray0.measuredPauses 2856
i0.defaultMemory.channel0.FRFCFS-WQF.channel0.rank0.bank3.subarray0.averagePausedRequestProgress 0
i0.defaultMemory.channel0.FRFCFS-WQF.channel0.rank0.bank3.subarray0.measuredProgresses 0
i0.defaultMemory.channel0.FRFCFS-WQF.channel0.rank0.bank3.subarray0.reads 312900
i0.defaultMemory.channel0.FRFCFS-WQF.channel0.rank0.bank3.subarray0.writes 2856
i0.defaultMemory.channel0.FRFCFS-WQF.channel0.rank0.bank3.subarray0.activates 310564
i0.defaultMemory.channel0.FRFCFS-WQF.channel0.rank0.bank3.subarray0.precharges 310563
i0.defaultMemory.channel0.FRFCFS-WQF.channel0.rank0.bank3.subarray0.refreshes 0
i0.defaultMemory.channel0.FRFCFS-WQF.channel0.rank0.bank3.subarray0.worstCaseEndurance 18446744073709551615
i0.defaultMemory.channel0.FRFCFS-WQF.channel0.rank0.bank3.subarray0.averageEndurance 0
i0.defaultMemory.channel0.FRFCFS-WQF.channel0.rank0.bank3.subarray0.actWaits 0
i0.defaultMemory.channel0.FRFCFS-WQF.channel0.rank0.bank3.subarray0.actWaitTotal 0
i0.defaultMemory.channel0.FRFCFS-WQF.channel0.rank0.bank3.subarray0.actWaitAverage -nan
i0.defaultMemory.channel0.FRFCFS-WQF.channel0.rank0.bank3.subarray0.worstCaseWrite 0
i0.defaultMemory.channel0.FRFCFS-WQF.channel0.rank0.bank3.subarray0.num00Writes 0
i0.defaultMemory.channel0.FRFCFS-WQF.channel0.rank0.bank3.subarray0.num01Writes 0
i0.defaultMemory.channel0.FRFCFS-WQF.channel0.rank0.bank3.subarray0.num10Writes 0
i0.defaultMemory.channel0.FRFCFS-WQF.channel0.rank0.bank3.subarray0.num11Writes 0
i0.defaultMemory.channel0.FRFCFS-WQF.channel0.rank0.bank3.subarray0.averageWriteTime 60
i0.defaultMemory.channel0.FRFCFS-WQF.channel0.rank0.bank3.subarray0.measuredWriteTimes 2856
i0.defaultMemory.channel0.FRFCFS-WQF.channel0.rank0.bank3.subarray0.mlcTimingHisto {}
i0.defaultMemory.channel0.FRFCFS-WQF.channel0.rank0.bank3.subarray0.cancelCountHisto {0: 2855}
i0.defaultMemory.channel0.FRFCFS-WQF.channel0.rank0.bank3.subarray0.wpPauseHisto {}
i0.defaultMemory.channel0.FRFCFS-WQF.channel0.rank0.bank3.subarray0.wpCancelHisto {}
i0.defaultMemory.channel0.FRFCFS-WQF.channel0.rank0.bank3.bankEnergy 122913nJ
i0.defaultMemory.channel0.FRFCFS-WQF.channel0.rank0.bank3.activeEnergy 25217.8nJ
i0.defaultMemory.channel0.FRFCFS-WQF.channel0.rank0.bank3.burstEnergy 5317.47nJ
i0.defaultMemory.channel0.FRFCFS-WQF.channel0.rank0.bank3.refreshEnergy 0nJ
i0.defaultMemory.channel0.FRFCFS-WQF.channel0.rank0.bank3.bankPower 269035W
i0.defaultMemory.channel0.FRFCFS-WQF.channel0.rank0.bank3.activePower 55197.4W
i0.defaultMemory.channel0.FRFCFS-WQF.channel0.rank0.bank3.burstPower 11639W
i0.defaultMemory.channel0.FRFCFS-WQF.channel0.rank0.bank3.refreshPower 0W
i0.defaultMemory.channel0.FRFCFS-WQF.channel0.rank0.bank3.bandwidth 141.545MB/s
i0.defaultMemory.channel0.FRFCFS-WQF.channel0.rank0.bank3.dataCycles 1263024
i0.defaultMemory.channel0.FRFCFS-WQF.channel0.rank0.bank3.powerCycles 456865565
i0.defaultMemory.channel0.FRFCFS-WQF.channel0.rank0.bank3.utilization 0.00276454
i0.defaultMemory.channel0.FRFCFS-WQF.channel0.rank0.bank3.reads 312900
i0.defaultMemory.channel0.FRFCFS-WQF.channel0.rank0.bank3.writes 2856
i0.defaultMemory.channel0.FRFCFS-WQF.channel0.rank0.bank3.activates 310564
i0.defaultMemory.channel0.FRFCFS-WQF.channel0.rank0.bank3.precharges 310563
i0.defaultMemory.channel0.FRFCFS-WQF.channel0.rank0.bank3.refreshes 0
i0.defaultMemory.channel0.FRFCFS-WQF.channel0.rank0.bank3.activeCycles 456840977
i0.defaultMemory.channel0.FRFCFS-WQF.channel0.rank0.bank3.standbyCycles 24588
i0.defaultMemory.channel0.FRFCFS-WQF.channel0.rank0.bank3.fastExitActiveCycles 0
i0.defaultMemory.channel0.FRFCFS-WQF.channel0.rank0.bank3.fastExitPrechargeCycles 0
i0.defaultMemory.channel0.FRFCFS-WQF.channel0.rank0.bank3.slowExitPrechargeCycles 0
i0.defaultMemory.channel0.FRFCFS-WQF.channel0.rank0.bank3.actWaits 0
i0.defaultMemory.channel0.FRFCFS-WQF.channel0.rank0.bank3.actWaitTotal 0
i0.defaultMemory.channel0.FRFCFS-WQF.channel0.rank0.bank3.actWaitAverage -nan
i0.defaultMemory.channel0.FRFCFS-WQF.channel0.rank0.bank3.averageEndurance 0
i0.defaultMemory.channel0.FRFCFS-WQF.channel0.rank0.bank3.worstCaseEndurance 18446744073709551615
i0.defaultMemory.channel0.FRFCFS-WQF.channel0.rank0.totalEnergy 4.17648e+07nJ
i0.defaultMemory.channel0.FRFCFS-WQF.channel0.rank0.backgroundEnergy 4.1159e+07nJ
i0.defaultMemory.channel0.FRFCFS-WQF.channel0.rank0.activateEnergy 75077.5nJ
i0.defaultMemory.channel0.FRFCFS-WQF.channel0.rank0.burstEnergy 22701.9nJ
i0.defaultMemory.channel0.FRFCFS-WQF.channel0.rank0.refreshEnergy 0nJ
i0.defaultMemory.channel0.FRFCFS-WQF.channel0.rank0.totalPower 0.0361216W
i0.defaultMemory.channel0.FRFCFS-WQF.channel0.rank0.backgroundPower 0.036036W
i0.defaultMemory.channel0.FRFCFS-WQF.channel0.rank0.activatePower 6.57327e-05W
i0.defaultMemory.channel0.FRFCFS-WQF.channel0.rank0.burstPower 1.98762e-05W
i0.defaultMemory.channel0.FRFCFS-WQF.channel0.rank0.refreshPower 0W
i0.defaultMemory.channel0.FRFCFS-WQF.channel0.rank0.reads 936725
i0.defaultMemory.channel0.FRFCFS-WQF.channel0.rank0.writes 12576
i0.defaultMemory.channel0.FRFCFS-WQF.channel0.rank0.activeCycles 456865565
i0.defaultMemory.channel0.FRFCFS-WQF.channel0.rank0.standbyCycles 0
i0.defaultMemory.channel0.FRFCFS-WQF.channel0.rank0.fastExitActiveCycles 0
i0.defaultMemory.channel0.FRFCFS-WQF.channel0.rank0.fastExitPrechargeCycles 0
i0.defaultMemory.channel0.FRFCFS-WQF.channel0.rank0.slowExitCycles 0
i0.defaultMemory.channel0.FRFCFS-WQF.channel0.rank0.actWaits 425
i0.defaultMemory.channel0.FRFCFS-WQF.channel0.rank0.actWaitTotal 1182
i0.defaultMemory.channel0.FRFCFS-WQF.channel0.rank0.actWaitAverage 2.78118
i0.defaultMemory.channel0.FRFCFS-WQF.channel0.rank0.rrdWaits 426
i0.defaultMemory.channel0.FRFCFS-WQF.channel0.rank0.rrdWaitTotal 1185
i0.defaultMemory.channel0.FRFCFS-WQF.channel0.rank0.rrdWaitAverage 2.78169
i0.defaultMemory.channel0.FRFCFS-WQF.channel0.rank0.fawWaits 1
i0.defaultMemory.channel0.FRFCFS-WQF.channel0.rank0.fawWaitTotal 19
i0.defaultMemory.channel0.FRFCFS-WQF.channel0.rank0.fawWaitAverage 19
i0.defaultMemory.channel0.FRFCFS-WQF.mem_reads 936725
i0.defaultMemory.channel0.FRFCFS-WQF.mem_writes 12604
i0.defaultMemory.channel0.FRFCFS-WQF.rq_rb_hits 15618
i0.defaultMemory.channel0.FRFCFS-WQF.rq_rb_miss 921107
i0.defaultMemory.channel0.FRFCFS-WQF.wq_rb_hits 9083
i0.defaultMemory.channel0.FRFCFS-WQF.wq_rb_miss 3493
i0.defaultMemory.channel0.FRFCFS-WQF.total_drains 785
i0.defaultMemory.channel0.FRFCFS-WQF.total_drain_writes 12560
i0.defaultMemory.channel0.FRFCFS-WQF.average_writes_per_drain 16
i0.defaultMemory.channel0.FRFCFS-WQF.minimum_drain_writes 16
i0.defaultMemory.channel0.FRFCFS-WQF.maximum_drain_writes 16
i0.defaultMemory.channel0.FRFCFS-WQF.total_drain_cycles 611518
i0.defaultMemory.channel0.FRFCFS-WQF.average_drain_cycles 779.004
i0.defaultMemory.channel0.FRFCFS-WQF.minimum_drain_cycles 256
i0.defaultMemory.channel0.FRFCFS-WQF.maximum_drain_cycles 1269
i0.defaultMemory.channel0.FRFCFS-WQF.total_non_drain_cycles 454171757
i0.defaultMemory.channel0.FRFCFS-WQF.average_drain_spacing 578563
i0.defaultMemory.channel0.FRFCFS-WQF.minimum_drain_spacing 1717
i0.defaultMemory.channel0.FRFCFS-WQF.maximum_drain_spacing 2252524
i0.defaultMemory.channel0.FRFCFS-WQF.total_read_cycles 453560239
i0.defaultMemory.channel0.FRFCFS-WQF.average_read_spacing 577784
i0.defaultMemory.channel0.FRFCFS-WQF.minimum_read_spacing 1255
i0.defaultMemory.channel0.FRFCFS-WQF.maximum_read_spacing 2251663
i0.defaultMemory.channel0.FRFCFS-WQF.total_readqueue_size 0
i0.defaultMemory.channel0.FRFCFS-WQF.average_predrain_readqueue_size 0
i0.defaultMemory.channel0.FRFCFS-WQF.minimum_predrain_readqueue_size 0
i0.defaultMemory.channel0.FRFCFS-WQF.maximum_predrain_readqueue_size 0
i0.defaultMemory.channel0.FRFCFS-WQF.total_reads_during_drain 458
i0.defaultMemory.channel0.FRFCFS-WQF.average_reads_during_drain 0.583439
i0.defaultMemory.channel0.FRFCFS-WQF.minimum_reads_during_drain 0
i0.defaultMemory.channel0.FRFCFS-WQF.maximum_reads_during_drain 1
i0.defaultMemory.channel0.FRFCFS-WQF.starvation_precharges 2455
i0.defaultMemory.channel0.FRFCFS-WQF.averageLatency 64.3226
i0.defaultMemory.channel0.FRFCFS-WQF.averageQueueLatency 11209.5
i0.defaultMemory.channel0.FRFCFS-WQF.averageTotalLatency 11273.8
i0.defaultMemory.channel0.FRFCFS-WQF.measuredLatencies 949301
i0.defaultMemory.channel0.FRFCFS-WQF.measuredQueueLatencies 949301
i0.defaultMemory.channel0.FRFCFS-WQF.measuredTotalLatencies 949301
i0.defaultMemory.channel0.FRFCFS-WQF.simulation_cycles 456865565
i0.defaultMemory.channel0.FRFCFS-WQF.wakeupCount 3731234
i0.defaultMemory.totalReadRequests 936725
i0.defaultMemory.totalWriteRequests 12604
i0.defaultMemory.successfulPrefetches 0
i0.defaultMemory.unsuccessfulPrefetches 0
